// Jest Snapshot v1, https://goo.gl/fbAQLP

exports[`App renders App snapshot 1`] = `
<DocumentFragment>
  <div>
    <h1>
      Hello
    </h1>
    <p>
      Lorem ipsum dolor sit amet consectetur adipisicing elit. Eaque aperiam sed temporibus consequuntur at illum sapiente inventore recusandae impedit. Accusantium cum minima laboriosam eos vitae architecto veritatis vel, veniam aut.
    </p>
  </div>
</DocumentFragment>
`;
